// Jest Snapshot v1, https://goo.gl/fbAQLP

exports[`SaveModal component renders Basic story 1`] = `
<body>
  <div />
</body>
`;
